// Jest Snapshot v1, https://goo.gl/fbAQLP

exports[`App should render the component 1`] = `
Object {
  "asFragment": [Function],
  "baseElement": <body>
    <div>
      <div
        style="direction: ltr;"
      >
        <div
          class=""
          style="width: 0%; transition: width 800ms linear 0s; will-change: width, opacity; height: 3px; background-color: red; position: absolute; opacity: 0;"
        />
        <div
          style="display: table; clear: both;"
        />
      </div>
      <div
        class="container mt-4"
      >
        <div
          class="row"
        >
          <div
            class="col-sm-12 d-flex flex-column justify-content-center"
          >
            <h2
              class="text-center"
            >
              Employee Polls
            </h2>
            <p />
            <div
              class="text-center"
            >
              <img
                class="rounded"
                src="employeepolls.jpeg"
                width="25%"
              />
            </div>
            <p />
            <h3
              class="text-center"
              data-testid="login-heading"
            >
              Log in
            </h3>
            <form>
              <div
                class="d-flex flex-column justify-content-center"
              >
                <div
                  class="form-group text-center"
                >
                  <label
                    for="userInput"
                  >
                    User
                  </label>
                  <input
                    class="form-control"
                    data-testid="username-input"
                    id="userInput"
                    placeholder="User"
                    type="text"
                  />
                </div>
                <br />
                <div
                  class="form-group text-center"
                >
                  <label
                    for="userPassword"
                  >
                    Password
                  </label>
                  <input
                    class="form-control"
                    data-testid="password-input"
                    id="userPassword"
                    placeholder="Password"
                    type="password"
                  />
                </div>
                <p />
                <div
                  class="text-center"
                >
                  <button
                    class="btn btn-primary"
                    data-testid="submit-button"
                    type="submit"
                  >
                    Submit
                  </button>
                </div>
              </div>
            </form>
            <p
              class="text-danger"
              data-testid="error-message"
            />
          </div>
        </div>
      </div>
    </div>
  </body>,
  "container": <div>
    <div
      style="direction: ltr;"
    >
      <div
        class=""
        style="width: 0%; transition: width 800ms linear 0s; will-change: width, opacity; height: 3px; background-color: red; position: absolute; opacity: 0;"
      />
      <div
        style="display: table; clear: both;"
      />
    </div>
    <div
      class="container mt-4"
    >
      <div
        class="row"
      >
        <div
          class="col-sm-12 d-flex flex-column justify-content-center"
        >
          <h2
            class="text-center"
          >
            Employee Polls
          </h2>
          <p />
          <div
            class="text-center"
          >
            <img
              class="rounded"
              src="employeepolls.jpeg"
              width="25%"
            />
          </div>
          <p />
          <h3
            class="text-center"
            data-testid="login-heading"
          >
            Log in
          </h3>
          <form>
            <div
              class="d-flex flex-column justify-content-center"
            >
              <div
                class="form-group text-center"
              >
                <label
                  for="userInput"
                >
                  User
                </label>
                <input
                  class="form-control"
                  data-testid="username-input"
                  id="userInput"
                  placeholder="User"
                  type="text"
                />
              </div>
              <br />
              <div
                class="form-group text-center"
              >
                <label
                  for="userPassword"
                >
                  Password
                </label>
                <input
                  class="form-control"
                  data-testid="password-input"
                  id="userPassword"
                  placeholder="Password"
                  type="password"
                />
              </div>
              <p />
              <div
                class="text-center"
              >
                <button
                  class="btn btn-primary"
                  data-testid="submit-button"
                  type="submit"
                >
                  Submit
                </button>
              </div>
            </div>
          </form>
          <p
            class="text-danger"
            data-testid="error-message"
          />
        </div>
      </div>
    </div>
  </div>,
  "debug": [Function],
  "findAllByAltText": [Function],
  "findAllByDisplayValue": [Function],
  "findAllByLabelText": [Function],
  "findAllByPlaceholderText": [Function],
  "findAllByRole": [Function],
  "findAllByTestId": [Function],
  "findAllByText": [Function],
  "findAllByTitle": [Function],
  "findByAltText": [Function],
  "findByDisplayValue": [Function],
  "findByLabelText": [Function],
  "findByPlaceholderText": [Function],
  "findByRole": [Function],
  "findByTestId": [Function],
  "findByText": [Function],
  "findByTitle": [Function],
  "getAllByAltText": [Function],
  "getAllByDisplayValue": [Function],
  "getAllByLabelText": [Function],
  "getAllByPlaceholderText": [Function],
  "getAllByRole": [Function],
  "getAllByTestId": [Function],
  "getAllByText": [Function],
  "getAllByTitle": [Function],
  "getByAltText": [Function],
  "getByDisplayValue": [Function],
  "getByLabelText": [Function],
  "getByPlaceholderText": [Function],
  "getByRole": [Function],
  "getByTestId": [Function],
  "getByText": [Function],
  "getByTitle": [Function],
  "queryAllByAltText": [Function],
  "queryAllByDisplayValue": [Function],
  "queryAllByLabelText": [Function],
  "queryAllByPlaceholderText": [Function],
  "queryAllByRole": [Function],
  "queryAllByTestId": [Function],
  "queryAllByText": [Function],
  "queryAllByTitle": [Function],
  "queryByAltText": [Function],
  "queryByDisplayValue": [Function],
  "queryByLabelText": [Function],
  "queryByPlaceholderText": [Function],
  "queryByRole": [Function],
  "queryByTestId": [Function],
  "queryByText": [Function],
  "queryByTitle": [Function],
  "rerender": [Function],
  "unmount": [Function],
}
`;
