// Jest Snapshot v1, https://goo.gl/fbAQLP

exports[`Navigation should render the component 1`] = `
Object {
  "asFragment": [Function],
  "baseElement": <body>
    <div>
      <div>
        <div
          class="d-flex justify-content-between align-items-center mt-1"
        >
          <ul
            class="list-group list-group-horizontal"
          >
            <li
              class="list-group-item border-0"
            >
              <a
                href="/"
                style="text-decoration: none;"
              >
                Home
              </a>
            </li>
            <li
              class="list-group-item border-0"
            >
              <a
                href="/leaderboard"
                style="text-decoration: none;"
              >
                Leaderboard
              </a>
            </li>
            <li
              class="list-group-item border-0"
            >
              <a
                href="/add"
                style="text-decoration: none;"
              >
                New
              </a>
            </li>
          </ul>
          <ul
            class="list-group list-group-horizontal"
          >
            <li
              class="list-group-item border-0"
            >
              <div
                class="d-flex justify-content-end"
              >
                <img
                  alt="Profile"
                  class="rounded-circle"
                  width="10%"
                />
                <span
                  class="ms-2 fw-bold"
                  data-testid="authedUser-text"
                />
              </div>
            </li>
            <li
              class="list-group-item border-0"
            >
              <a
                href="/"
                style="text-decoration: none;"
              >
                Logout
              </a>
            </li>
          </ul>
        </div>
        <div
          class="border-top mb-3 mt-1"
        />
      </div>
    </div>
  </body>,
  "container": <div>
    <div>
      <div
        class="d-flex justify-content-between align-items-center mt-1"
      >
        <ul
          class="list-group list-group-horizontal"
        >
          <li
            class="list-group-item border-0"
          >
            <a
              href="/"
              style="text-decoration: none;"
            >
              Home
            </a>
          </li>
          <li
            class="list-group-item border-0"
          >
            <a
              href="/leaderboard"
              style="text-decoration: none;"
            >
              Leaderboard
            </a>
          </li>
          <li
            class="list-group-item border-0"
          >
            <a
              href="/add"
              style="text-decoration: none;"
            >
              New
            </a>
          </li>
        </ul>
        <ul
          class="list-group list-group-horizontal"
        >
          <li
            class="list-group-item border-0"
          >
            <div
              class="d-flex justify-content-end"
            >
              <img
                alt="Profile"
                class="rounded-circle"
                width="10%"
              />
              <span
                class="ms-2 fw-bold"
                data-testid="authedUser-text"
              />
            </div>
          </li>
          <li
            class="list-group-item border-0"
          >
            <a
              href="/"
              style="text-decoration: none;"
            >
              Logout
            </a>
          </li>
        </ul>
      </div>
      <div
        class="border-top mb-3 mt-1"
      />
    </div>
  </div>,
  "debug": [Function],
  "findAllByAltText": [Function],
  "findAllByDisplayValue": [Function],
  "findAllByLabelText": [Function],
  "findAllByPlaceholderText": [Function],
  "findAllByRole": [Function],
  "findAllByTestId": [Function],
  "findAllByText": [Function],
  "findAllByTitle": [Function],
  "findByAltText": [Function],
  "findByDisplayValue": [Function],
  "findByLabelText": [Function],
  "findByPlaceholderText": [Function],
  "findByRole": [Function],
  "findByTestId": [Function],
  "findByText": [Function],
  "findByTitle": [Function],
  "getAllByAltText": [Function],
  "getAllByDisplayValue": [Function],
  "getAllByLabelText": [Function],
  "getAllByPlaceholderText": [Function],
  "getAllByRole": [Function],
  "getAllByTestId": [Function],
  "getAllByText": [Function],
  "getAllByTitle": [Function],
  "getByAltText": [Function],
  "getByDisplayValue": [Function],
  "getByLabelText": [Function],
  "getByPlaceholderText": [Function],
  "getByRole": [Function],
  "getByTestId": [Function],
  "getByText": [Function],
  "getByTitle": [Function],
  "queryAllByAltText": [Function],
  "queryAllByDisplayValue": [Function],
  "queryAllByLabelText": [Function],
  "queryAllByPlaceholderText": [Function],
  "queryAllByRole": [Function],
  "queryAllByTestId": [Function],
  "queryAllByText": [Function],
  "queryAllByTitle": [Function],
  "queryByAltText": [Function],
  "queryByDisplayValue": [Function],
  "queryByLabelText": [Function],
  "queryByPlaceholderText": [Function],
  "queryByRole": [Function],
  "queryByTestId": [Function],
  "queryByText": [Function],
  "queryByTitle": [Function],
  "rerender": [Function],
  "unmount": [Function],
}
`;
